c:\users\brpro\documents\cncremastered\repositories\source\redalert\win32\release\fixed.obj
c:\users\brpro\documents\cncremastered\repositories\source\redalert\win32\release\pkstraw.obj
c:\users\brpro\documents\cncremastered\repositories\source\redalert\win32\release\version.obj
c:\users\brpro\documents\cncremastered\repositories\source\redalert\win32\release\wol_cgam.obj
c:\users\brpro\documents\cncremastered\repositories\source\redalert\win32\release\wol_logn.obj
c:\users\brpro\documents\cncremastered\repositories\source\redalert\win32\release\int.obj
c:\users\brpro\documents\cncremastered\repositories\source\redalert\win32\release\mp.obj
c:\users\brpro\documents\cncremastered\repositories\source\redalert\win32\release\pkpipe.obj
c:\users\brpro\documents\cncremastered\repositories\source\redalert\win32\release\seqconn.obj
c:\users\brpro\documents\cncremastered\repositories\source\redalert\win32\release\surface.obj
c:\users\brpro\documents\cncremastered\repositories\source\redalert\win32\release\woledit.obj
c:\users\brpro\documents\cncremastered\repositories\source\redalert\win32\release\wol_chat.obj
c:\users\brpro\documents\cncremastered\repositories\source\redalert\win32\release\wol_gsup.obj
c:\users\brpro\documents\cncremastered\repositories\source\redalert\win32\release\b64straw.obj
c:\users\brpro\documents\cncremastered\repositories\source\redalert\win32\release\dtable.obj
c:\users\brpro\documents\cncremastered\repositories\source\redalert\win32\release\dynavec.obj
c:\users\brpro\documents\cncremastered\repositories\source\redalert\win32\release\iconlist.obj
c:\users\brpro\documents\cncremastered\repositories\source\redalert\win32\release\packet.obj
c:\users\brpro\documents\cncremastered\repositories\source\redalert\win32\release\seditdlg.obj
c:\users\brpro\documents\cncremastered\repositories\source\redalert\win32\release\shape.obj
c:\users\brpro\documents\cncremastered\repositories\source\redalert\win32\release\shapipe.obj
c:\users\brpro\documents\cncremastered\repositories\source\redalert\win32\release\stub.obj
c:\users\brpro\documents\cncremastered\repositories\source\redalert\win32\release\bigcheck.obj
c:\users\brpro\documents\cncremastered\repositories\source\redalert\win32\release\crc.obj
c:\users\brpro\documents\cncremastered\repositories\source\redalert\win32\release\wolapiob.obj
c:\users\brpro\documents\cncremastered\repositories\source\redalert\win32\release\wol_main.obj
c:\users\brpro\documents\cncremastered\repositories\source\redalert\win32\release\wol_opt.obj
c:\users\brpro\documents\cncremastered\repositories\source\redalert\win32\release\bench.obj
c:\users\brpro\documents\cncremastered\repositories\source\redalert\win32\release\dibutil.obj
c:\users\brpro\documents\cncremastered\repositories\source\redalert\win32\release\pipe.obj
c:\users\brpro\documents\cncremastered\repositories\source\redalert\win32\release\sendfile.obj
c:\users\brpro\documents\cncremastered\repositories\source\redalert\win32\release\sha.obj
c:\users\brpro\documents\cncremastered\repositories\source\redalert\win32\release\shastraw.obj
c:\users\brpro\documents\cncremastered\repositories\source\redalert\win32\release\straw.obj
c:\users\brpro\documents\cncremastered\repositories\source\redalert\win32\release\tooltip.obj
c:\users\brpro\documents\cncremastered\repositories\source\redalert\win32\release\blowpipe.obj
c:\users\brpro\documents\cncremastered\repositories\source\redalert\win32\release\class.obj
c:\users\brpro\documents\cncremastered\repositories\source\redalert\win32\release\lzo1x_d.obj
c:\users\brpro\documents\cncremastered\repositories\source\redalert\win32\release\lzw.obj
c:\users\brpro\documents\cncremastered\repositories\source\redalert\win32\release\rect.obj
c:\users\brpro\documents\cncremastered\repositories\source\redalert\win32\release\rndstraw.obj
c:\users\brpro\documents\cncremastered\repositories\source\redalert\win32\release\blwstraw.obj
c:\users\brpro\documents\cncremastered\repositories\source\redalert\win32\release\comqueue.obj
c:\users\brpro\documents\cncremastered\repositories\source\redalert\win32\release\getcpu.obj
c:\users\brpro\documents\cncremastered\repositories\source\redalert\win32\release\itable.obj
c:\users\brpro\documents\cncremastered\repositories\source\redalert\win32\release\lcw.obj
c:\users\brpro\documents\cncremastered\repositories\source\redalert\win32\release\lcwstraw.obj
c:\users\brpro\documents\cncremastered\repositories\source\redalert\win32\release\lzo1x_c.obj
c:\users\brpro\documents\cncremastered\repositories\source\redalert\win32\release\lzostraw.obj
c:\users\brpro\documents\cncremastered\repositories\source\redalert\win32\release\lzwpipe.obj
c:\users\brpro\documents\cncremastered\repositories\source\redalert\win32\release\pk.obj
c:\users\brpro\documents\cncremastered\repositories\source\redalert\win32\release\rotbmp.obj
c:\users\brpro\documents\cncremastered\repositories\source\redalert\win32\release\wol_dnld.obj
c:\users\brpro\documents\cncremastered\repositories\source\redalert\win32\release\buff.obj
c:\users\brpro\documents\cncremastered\repositories\source\redalert\win32\release\crcpipe.obj
c:\users\brpro\documents\cncremastered\repositories\source\redalert\win32\release\crcstraw.obj
c:\users\brpro\documents\cncremastered\repositories\source\redalert\win32\release\egos.obj
c:\users\brpro\documents\cncremastered\repositories\source\redalert\win32\release\lzopipe.obj
c:\users\brpro\documents\cncremastered\repositories\source\redalert\win32\release\lzwstraw.obj
c:\users\brpro\documents\cncremastered\repositories\source\redalert\win32\release\blowfish.obj
c:\users\brpro\documents\cncremastered\repositories\source\redalert\win32\release\cstraw.obj
c:\users\brpro\documents\cncremastered\repositories\source\redalert\win32\release\ini.obj
c:\users\brpro\documents\cncremastered\repositories\source\redalert\win32\release\lcwpipe.obj
c:\users\brpro\documents\cncremastered\repositories\source\redalert\win32\release\lcwuncmp.obj
c:\users\brpro\documents\cncremastered\repositories\source\redalert\win32\release\nullmgr.obj
c:\users\brpro\documents\cncremastered\repositories\source\redalert\win32\release\random.obj
c:\users\brpro\documents\cncremastered\repositories\source\redalert\win32\release\rawolapi.obj
c:\users\brpro\documents\cncremastered\repositories\source\redalert\win32\release\rgb.obj
c:\users\brpro\documents\cncremastered\repositories\source\redalert\win32\release\_diptabl.obj
c:\users\brpro\documents\cncremastered\repositories\source\redalert\win32\release\dpmi.obj
c:\users\brpro\documents\cncremastered\repositories\source\redalert\win32\release\b64pipe.obj
c:\users\brpro\documents\cncremastered\repositories\source\redalert\win32\release\base64.obj
c:\users\brpro\documents\cncremastered\repositories\source\redalert\win32\release\dibfile.obj
c:\users\brpro\documents\cncremastered\repositories\source\redalert\win32\release\hsv.obj
c:\users\brpro\documents\cncremastered\repositories\source\redalert\win32\release\mpmgrw.obj
c:\users\brpro\documents\cncremastered\repositories\source\redalert\win32\release\mpu.obj
c:\users\brpro\documents\cncremastered\repositories\source\redalert\win32\release\lcwcomp.obj
c:\users\brpro\documents\cncremastered\repositories\source\redalert\win32\release\mmx.obj
c:\users\brpro\documents\cncremastered\repositories\source\redalert\win32\release\txtprnt.obj
c:\users\brpro\documents\cncremastered\repositories\source\redalert\win32\release\tobuff.obj
c:\users\brpro\documents\cncremastered\repositories\source\redalert\win32\release\keyfbuff.obj
c:\users\brpro\documents\cncremastered\repositories\source\redalert\win32\release\vc141.pdb
c:\users\brpro\documents\cncremastered\repositories\source\redalert\win32\release\redalert.tlog\cl.11704.write.1.tlog
c:\users\brpro\documents\cncremastered\repositories\source\redalert\win32\release\redalert.tlog\cl.command.1.tlog
c:\users\brpro\documents\cncremastered\repositories\source\redalert\win32\release\redalert.tlog\cl.read.1.tlog
c:\users\brpro\documents\cncremastered\repositories\source\redalert\win32\release\redalert.tlog\masm.read.1u.tlog
c:\users\brpro\documents\cncremastered\repositories\source\redalert\win32\release\redalert.tlog\masm.write.1u.tlog
